error: enum cannot be both untagged and internally tagged
 --> tests/ui/enum-representation/untagged-and-internal.rs:4:9
  |
3 | #[derive(Serialize)]
  |          --------- in this derive macro expansion
4 | #[serde(untagged)]
  |         ^^^^^^^^
  |
  = note: this error originates in the derive macro `Serialize` (in Nightly builds, run with -Z macro-backtrace for more info)

error: enum cannot be both untagged and internally tagged
 --> tests/ui/enum-representation/untagged-and-internal.rs:5:9
  |
3 | #[derive(Serialize)]
  |          --------- in this derive macro expansion
4 | #[serde(untagged)]
5 | #[serde(tag = "type")]
  |         ^^^
  |
  = note: this error originates in the derive macro `Serialize` (in Nightly builds, run with -Z macro-backtrace for more info)
