error: expected path
 --> tests/ui/unexpected-literal/container.rs:4:9
  |
4 | #[serde("literal")]
  |         ^^^^^^^^^
