error: variant `Newtype` cannot have both #[serde(serialize_with)] and a field #0 marked with #[serde(skip_serializing_if)]
 --> tests/ui/with-variant/skip_ser_newtype_field_if.rs:5:5
  |
3 |   #[derive(Serialize)]
  |            --------- in this derive macro expansion
4 |   enum Enum {
5 | /     #[serde(serialize_with = "serialize_some_newtype_variant")]
6 | |     Newtype(#[serde(skip_serializing_if = "always")] String),
  | |____________________________________________________________^
  |
  = note: this error originates in the derive macro `Serialize` (in Nightly builds, run with -Z macro-backtrace for more info)
