error: #[serde(transparent)] is not allowed with #[serde(try_from = "...")]
 --> tests/ui/transparent/with_try_from.rs:4:1
  |
3 |   #[derive(Serialize)]
  |            --------- in this derive macro expansion
4 | / #[serde(transparent, try_from = "u64")]
5 | | struct S {
6 | |     a: u8,
7 | | }
  | |_^
  |
  = note: this error originates in the derive macro `Serialize` (in Nightly builds, run with -Z macro-backtrace for more info)
