error: unknown serde variant attribute `abc`
 --> tests/ui/unknown-attribute/variant.rs:5:13
  |
3 | #[derive(Serialize)]
  |          --------- in this derive macro expansion
4 | enum E {
5 |     #[serde(abc = "xyz")]
  |             ^^^
  |
  = note: this error originates in the derive macro `Serialize` (in Nightly builds, run with -Z macro-backtrace for more info)
